{
  "$id": "https://example.com/petstore-simple-jsonschema.json",
  "$schema": "https://json-schema.org/draft/2020-12/schema",
  "$defs": {
    "PetId": {
      "type": "integer",
      "minimum": 0,
      "maximum": 1000000
    },
    "PetAge": {
      "type": "integer",
      "minimum": 0,
      "maximum": 1000000
    },
    "Pet": {
      "type": "object",
      "required": [
        "id",
        "name"
      ],
      "properties": {
        "id": {
          "$ref": "#/$defs/PetId"
        },
        "age": {
          "allOf": [
            {
              "$ref": "#/$defs/PetAge"
            }
          ]
        },
        "name": {
          "type": "string"
        },
        "tag": {
          "type": "string"
        }
      }
    }
  }
}