[
  "Item",
  {
    "name": "Item",
    "suffix": "Object"
  }
]