[
  "Foo",
  {
    "name": "Foo",
    "suffix": "Object"
  }
]