[
  {
    "name": "Foo",
    "suffix": "Suf"
  },
  {
    "name": {
      "name": "Foo",
      "suffix": "Object"
    },
    "suffix": "Suf"
  }
]