// Vitest Snapshot v1, https://vitest.dev/guide/snapshot.html

exports[`openapi-java-render > petstore 1`] = `
[
  "Cat.java",
  "Dog.java",
  "Pet.java",
]
`;
